{
    "Title": "beats",
    "Global": true,
    "Name": "Beats",
    "Type": "org.graylog.plugins.beats.BeatsInput",
    "Attributes": {
        "bind_address": "0.0.0.0",
        "port": 5044
    },
    "static_fields": {}
}
